// Initial random seed:
2092936898539

// RunInitializeCallbacks():
initializeSLiMModelType(modelType = 'nonWF');
initializeSLiMOptions(nucleotideBased = T);
initializeTreeSeq();
initializeAncestralNucleotides("ATTAAAGGTTTATACCTTCC...");
initializeRecombinationRate(0);
initializeMutationTypeNuc(0, 1, "f", 0);
initializeGenomicElementType(0, m0, 1);
initializeMutationTypeNuc(1, 1, "f", 0);
initializeGenomicElementType(1, m1, 1);
initializeGenomicElement(g0, 0, 99);
initializeGenomicElement(g1, 100, 399);
initializeGenomicElement(g0, 400, 9123);
initializeGenomicElement(g1, 9124, 9125);
initializeGenomicElement(g0, 9126, 19999);
initializeGenomicElement(g1, 20000, 20499);
initializeGenomicElement(g0, 20500, 27999);
initializeGenomicElement(g1, 28000, 28299);
initializeGenomicElement(g0, 28300, 29890);

// Starting run at tick <start>:
1 

"96,2"
"150,3"
"188,1"
"723,4"
"788,0"
200
2
1.4
2
1.4
2
1.4
2
1.4
2
1.4
2
1.4
2
1.4
2
1.4
2
1.4
2
1.4
2
1.4
2
1.4
2
1.4
2
1.4
2
1.4
2
1.4
2
1.4
2
1.4
2
1.4
2
1.4
2
1.4
2
1.4
2
1.4
2
1.4
2
1.4
2
1.4
2
1.4
2
1.4
2
1.4
2
1.4
2
1.4
2
1.4
2
1.4
2
1.4
2
1.4
2
1.4
2
1.4
2
1.4
2
1.4
2
1.4
2
1.4
2
1.4
2
1.4
2
1.4
2
1.4
2
1.4
2
1.4
2
1.4
2
1.4
2
1.4
2
1.4
2
1.4
2
1.4
2
1.4
2
1.4
2
1.4
2
1.4
2
1.4
2
1.4
2
1.4
2
1.4
2
1.4
2
1.4
2
1.4
2
1.4
2
1.4
2
1.4
2
1.4
2
1.4
2
1.4
2
1.4
2
1.4
2
1.4
2
1.4
2
1.4
2
1.4
2
1.4
2
1.4
2
1.4
2
1.4
2
1.4
2
1.4
2
1.4
2
1.4
2
1.4
2
1.4
2
1.4
2
1.4
2
1.4
2
1.4
2
1.4
2
1.4
2
1.4
2
1.4
2
1.4
2
1.4
2
1.4
2
1.4
2
1.4
2
1.4
2
1.4
2
1.4
2
1.4
2
1.4
2
1.4
2
1.4
2
1.4
2
1.4
2
1.4
2
1.4
2
1.4
2
1.4
2
1.4
2
1.4
2
1.4
2
1.4
2
1.4
2
1.4
2
1.4
2
1.4
2
1.4
2
1.4
2
1.4
2
1.4
2
1.4
2
1.4
2
1.4
2
1.4
2
1.4
2
1.4
2
1.4
2
1.4
2
1.4
2
1.4
2
1.4
2
1.4
2
1.4
2
1.4
2
1.4
2
1.4
2
1.4
2
1.4
2
1.4
2
1.4
2
1.4
2
1.4
2
1.4
2
1.4
2
1.4
2
1.4
2
1.4
2
1.4
2
1.4
2
1.4
2
1.4
2
1.4
2
1.4
2
1.4
2
1.4
2
1.4
2
1.4
2
1.4
2
1.4
2
1.4
2
1.4
2
1.4
2
1.4
2
1.4
2
1.4
2
1.4
2
1.4
2
1.4
2
1.4
2
1.4
2
1.4
2
1.4
2
1.4
2
1.4
2
1.4
2
1.4
2
1.4
2
1.4
2
1.4
2
1.4
2
1.4
2
1.4
2
1.4
2
1.4
2
1.4
2
1.4
2
1.4
2
1.4
2
1.4
2
1.4
2
1.4
2
1.4
2
1.4
2
1.4
2
1.4
2
1.4
2
1.4
2
1.4
2
1.4
2
1.4
2
1.4
2
1.4
2
1.4
2
1.4
2
1.4
2
1.4
2
1.4
2
1.4
2
1.4
2
1.4
2
1.4
2
1.4
2
1.4
2
1.4
2
1.4
2
1.4
2
1.4
2
1.4
2
1.4
2
1.4
2
1.4
2
1.4
2
1.4
2
1.4
2
1.4
2
1.4
2
1.4
2
1.4
2
1.4
2
1.4
2
1.4
2
1.4
2
1.4
2
1.4
2
1.4
2
1.4
2
1.4
2
1.4
2
1.4
2
1.4
2
1.4
2
1.4
2
1.4
2
1.4
2
1.4
2
1.4
2
1.4
2
1.4
2
1.4
2
1.4
2
1.4
2
1.4
2
1.4
2
1.4
2
1.4
2
1.4
2
1.4
2
1.4
2
1.4
2
1.4
2
1.4
2
1.4
2
1.4
2
1.4
2
1.4
2
1.4
2
1.4
2
1.4
2
1.4
2
1.4
2
1.4
2
1.4
2
1.4
2
1.4
2
1.4
2
1.4
2
1.4
2
1.4
2
1.4
2
1.4
2
1.4
2
1.4
2
1.4
2
1.4
2
1.4
2
1.4
2
1.4
2
1.4
2
1.4
2
1.4
2
1.4
2
1.4
2
1.4
2
1.4
2
1.4
2
1.4
2
1.4
2
1.4
2
1.4
2
1.4
2
1.4
2
1.4
2
1.4
2
1.4
2
1.4
2
1.4
2
1.4
2
1.4
2
1.4
2
1.4
2
1.4
2
1.4
2
1.4
2
1.4
2
1.4
2
1.4
2
1.4
2
1.4
2
1.4
2
1.4
2
1.4
2
1.4
2
1.4
2
1.4
2
1.4
2
1.4
2
1.4
2
1.4
2
1.4
2
1.4
2
1.4
2
1.4
2
1.4
2
1.4
2
1.4
2
1.4
2
1.4
2
1.4
2
1.4
2
1.4
2
1.4
2
1.4
2
1.4
2
1.4
2
1.4
2
1.4
2
1.4
2
1.4
2
1.4
2
1.4
2
1.4
2
1.4
2
1.4
2
1.4
2
1.4
2
1.4
2
1.4
2
1.4
2
1.4
2
1.4
2
1.4
2
1.4
2
1.4
2
1.4
2
1.4
2
1.4
2
1.4
2
1.4
2
1.4
2
1.4
2
1.4
2
1.4
2
1.4
2
1.4
2
1.4
2
1.4
2
1.4
2
1.4
2
1.4
2
1.4
2
1.4
2
1.4
2
1.4
2
1.4
2
1.4
2
1.4
2
1.4
