// Initial random seed:
8892268343696605161

// RunInitializeCallbacks():
initializeSLiMModelType(modelType = 'nonWF');
initializeSLiMOptions(nucleotideBased = T);
initializeTreeSeq();
initializeAncestralNucleotides("ATTAAAGGTTTATACCTTCC...");
initializeRecombinationRate(0);
initializeMutationTypeNuc(0, 1, "f", 0);
initializeMutationTypeNuc(1, 1, "f", 0);
initializeGenomicElementType(0, m0, 1);
initializeGenomicElementType(1, m1, 1);
        [,0]    [,1]    [,2]    [,3]
[0,]     0.0 6.0e-07 6.0e-07 6.0e-07
[1,] 6.0e-07     0.0 6.0e-07 6.0e-07
[2,] 6.0e-07 6.0e-07     0.0 6.0e-07
[3,] 6.0e-07 6.0e-07 6.0e-07     0.0
initializeGenomicElement(g0, 0, 448);
initializeGenomicElement(g1, 449, 499);
initializeGenomicElement(g0, 500, 648);
initializeGenomicElement(g1, 649, 999);
initializeGenomicElement(g0, 1000, 4298);
initializeGenomicElement(g1, 4299, 4499);
initializeGenomicElement(g0, 4500, 29890);

// Starting run at tick <start>:
1 

"Scheduling block"
2
